Python output captured in file
